
R version 3.1.1 (2014-07-10) -- "Sock it to Me"
Copyright (C) 2014 The R Foundation for Statistical Computing
Platform: x86_64-apple-darwin10.8.0 (64-bit)

R is free software and comes with ABSOLUTELY NO WARRANTY.
You are welcome to redistribute it under certain conditions.
Type 'license()' or 'licence()' for distribution details.

R is a collaborative project with many contributors.
Type 'contributors()' for more information and
'citation()' on how to cite R or R packages in publications.

Type 'demo()' for some demos, 'help()' for on-line help, or
'help.start()' for an HTML browser interface to help.
Type 'q()' to quit R.

> library(testthat)
> library(BMLgrid)
> 
> test_check("BMLgrid")

> context("Errors")
> test_that("There is an error", {
+   expect_error(createBMLGrid(-2,3,c(2,3)),"Row and column of grid should be bigger than 0!\n")
+   expect_error(createBMLGrid(2,3,c(-1,3)),"Number of cars should be bigger than 0!\n")
+   expect_error(createBMLGrid(2,3,c(4,3)),"Number of cars should be no bigger than the demension of the grid!\n")
+   })
> 
> proc.time()
   user  system elapsed 
  0.260   0.027   0.319 
